Copyright 1986-2022 Xilinx, Inc. All Rights Reserved. Copyright 2022-2023 Advanced Micro Devices, Inc. All Rights Reserved.
---------------------------------------------------------------------------------------------------------------------------------------------
| Tool Version : Vivado v.2023.2 (lin64) Build 4029153 Fri Oct 13 20:13:54 MDT 2023
| Date         : Thu Apr 25 17:03:37 2024
| Host         : miahafiz running 64-bit Ubuntu 22.04.4 LTS
| Command      : report_control_sets -verbose -file bd_0_wrapper_control_sets_placed.rpt
| Design       : bd_0_wrapper
| Device       : xc7a200t
---------------------------------------------------------------------------------------------------------------------------------------------

Control Set Information

Table of Contents
-----------------
1. Summary
2. Histogram
3. Flip-Flop Distribution
4. Detailed Control Set Information

1. Summary
----------

+----------------------------------------------------------+-------+
|                          Status                          | Count |
+----------------------------------------------------------+-------+
| Total control sets                                       |   116 |
|    Minimum number of control sets                        |   116 |
|    Addition due to synthesis replication                 |     0 |
|    Addition due to physical synthesis replication        |     0 |
| Unused register locations in slices containing registers |   262 |
+----------------------------------------------------------+-------+
* Control sets can be merged at opt_design using control_set_merge or merge_equivalent_drivers
** Run report_qor_suggestions for automated merging and remapping suggestions


2. Histogram
------------

+--------------------+-------+
|       Fanout       | Count |
+--------------------+-------+
| Total control sets |   116 |
| >= 0 to < 4        |     6 |
| >= 4 to < 6        |    11 |
| >= 6 to < 8        |    13 |
| >= 8 to < 10       |     5 |
| >= 10 to < 12      |     3 |
| >= 12 to < 14      |     0 |
| >= 14 to < 16      |     0 |
| >= 16              |    78 |
+--------------------+-------+
* Control sets can be remapped at either synth_design or opt_design


3. Flip-Flop Distribution
-------------------------

+--------------+-----------------------+------------------------+-----------------+--------------+
| Clock Enable | Synchronous Set/Reset | Asynchronous Set/Reset | Total Registers | Total Slices |
+--------------+-----------------------+------------------------+-----------------+--------------+
| No           | No                    | No                     |             375 |           96 |
| No           | No                    | Yes                    |               0 |            0 |
| No           | Yes                   | No                     |             217 |           74 |
| Yes          | No                    | No                     |            2555 |          656 |
| Yes          | No                    | Yes                    |               0 |            0 |
| Yes          | Yes                   | No                     |            1679 |          414 |
+--------------+-----------------------+------------------------+-----------------+--------------+


4. Detailed Control Set Information
-----------------------------------

+--------------+-----------------------------------------------------------------------------------------------------------------------------------------------------------------------------+-------------------------------------------------------------------------------------------------------------------------------------------------------------------------------------------------------------------------------------------------------------------------------------------------+------------------+----------------+--------------+
| Clock Signal |                                                                                Enable Signal                                                                                |                                                                                                                                         Set/Reset Signal                                                                                                                                        | Slice Load Count | Bel Load Count | Bels / Slice |
+--------------+-----------------------------------------------------------------------------------------------------------------------------------------------------------------------------+-------------------------------------------------------------------------------------------------------------------------------------------------------------------------------------------------------------------------------------------------------------------------------------------------+------------------+----------------+--------------+
|  ap_clk      | bd_0_i/hls_inst/U0/grp_depolarize_hls_Pipeline_computeRow_fu_293/fadd_32ns_32ns_32_6_no_dsp_1_U17/ce_r                                                                      | bd_0_i/hls_inst/U0/grp_depolarize_hls_Pipeline_computeRow_fu_293/fadd_32ns_32ns_32_6_no_dsp_1_U17/depolarize_hls_fadd_32ns_32ns_32_6_no_dsp_1_ip_u/inst/i_synth/ADDSUB_OP.ADDSUB/LOGIC_SPEED.OP/ALIGN_BLK/ALIGN_SHIFT/ALIGN_SHIFT/MUX_LOOP[0].DEL_SHIFT/i_pipe/opt_has_pipe.first_q[16]_i_1_n_3 |                1 |              1 |         1.00 |
|  ap_clk      | bd_0_i/hls_inst/U0/gmem_m_axi_U/bus_write/fifo_resp/fifo_srl_gen.U_ffo_srl/re                                                                                               | bd_0_i/hls_inst/U0/gmem_m_axi_U/bus_write/wreq_burst_conv/rs_req/SR[0]                                                                                                                                                                                                                          |                1 |              1 |         1.00 |
|  ap_clk      | bd_0_i/hls_inst/U0/gmem_m_axi_U/bus_read/rreq_burst_conv/we                                                                                                                 |                                                                                                                                                                                                                                                                                                 |                1 |              1 |         1.00 |
|  ap_clk      | bd_0_i/hls_inst/U0/gmem_m_axi_U/store_unit/fifo_wrsp/fifo_srl_gen.U_ffo_srl/re                                                                                              | bd_0_i/hls_inst/U0/gmem_m_axi_U/bus_write/wreq_burst_conv/rs_req/SR[0]                                                                                                                                                                                                                          |                1 |              1 |         1.00 |
|  ap_clk      | bd_0_i/hls_inst/U0/gmem_m_axi_U/store_unit/fifo_wreq/fifo_srl_gen.U_ffo_srl/we                                                                                              |                                                                                                                                                                                                                                                                                                 |                1 |              1 |         1.00 |
|  ap_clk      | bd_0_i/hls_inst/U0/gmem_m_axi_U/bus_read/rs_rdata/re                                                                                                                        | bd_0_i/hls_inst/U0/gmem_m_axi_U/bus_write/wreq_burst_conv/rs_req/SR[0]                                                                                                                                                                                                                          |                1 |              1 |         1.00 |
|  ap_clk      | bd_0_i/hls_inst/U0/grp_depolarize_hls_Pipeline_store_bwsup_fu_303/we                                                                                                        | bd_0_i/hls_inst/U0/gmem_m_axi_U/bus_write/wreq_burst_conv/rs_req/SR[0]                                                                                                                                                                                                                          |                1 |              4 |         4.00 |
|  ap_clk      | bd_0_i/hls_inst/U0/gmem_m_axi_U/bus_write/wreq_throttl/aggressive_gen.data_fifo/fifo_srl_gen.raddr[3]_i_1__4_n_3                                                            | bd_0_i/hls_inst/U0/gmem_m_axi_U/bus_write/wreq_burst_conv/rs_req/SR[0]                                                                                                                                                                                                                          |                2 |              4 |         2.00 |
|  ap_clk      | bd_0_i/hls_inst/U0/gmem_m_axi_U/store_unit/fifo_wrsp/fifo_srl_gen.U_ffo_srl/fifo_depth_gt1_gen.empty_n_reg[0]                                                               | bd_0_i/hls_inst/U0/gmem_m_axi_U/bus_write/wreq_burst_conv/rs_req/SR[0]                                                                                                                                                                                                                          |                1 |              4 |         4.00 |
|  ap_clk      | bd_0_i/hls_inst/U0/gmem_m_axi_U/bus_write/fifo_resp/fifo_srl_gen.U_ffo_srl/E[0]                                                                                             | bd_0_i/hls_inst/U0/gmem_m_axi_U/bus_write/wreq_burst_conv/rs_req/SR[0]                                                                                                                                                                                                                          |                1 |              4 |         4.00 |
|  ap_clk      | bd_0_i/hls_inst/U0/gmem_m_axi_U/bus_read/fifo_burst/fifo_srl_gen.raddr[3]_i_1_n_3                                                                                           | bd_0_i/hls_inst/U0/gmem_m_axi_U/bus_write/wreq_burst_conv/rs_req/SR[0]                                                                                                                                                                                                                          |                1 |              4 |         4.00 |
|  ap_clk      | bd_0_i/hls_inst/U0/gmem_m_axi_U/bus_write/fifo_burst/fifo_srl_gen.U_ffo_srl/re_1                                                                                            | bd_0_i/hls_inst/U0/gmem_m_axi_U/bus_write/wreq_burst_conv/rs_req/SR[0]                                                                                                                                                                                                                          |                1 |              4 |         4.00 |
|  ap_clk      | bd_0_i/hls_inst/U0/gmem_m_axi_U/bus_write/fifo_burst/fifo_srl_gen.U_ffo_srl/fifo_depth_gt1_gen.empty_n_reg[0]                                                               | bd_0_i/hls_inst/U0/gmem_m_axi_U/bus_write/wreq_burst_conv/rs_req/SR[0]                                                                                                                                                                                                                          |                2 |              4 |         2.00 |
|  ap_clk      | bd_0_i/hls_inst/U0/gmem_m_axi_U/bus_write/wreq_throttl/aggressive_gen.req_fifo/fifo_srl_gen.raddr[3]_i_1__3_n_3                                                             | bd_0_i/hls_inst/U0/gmem_m_axi_U/bus_write/wreq_burst_conv/rs_req/SR[0]                                                                                                                                                                                                                          |                2 |              4 |         2.00 |
|  ap_clk      | bd_0_i/hls_inst/U0/grp_depolarize_hls_Pipeline_computeRow_fu_293/fadd_32ns_32ns_32_6_no_dsp_1_U17/ce_r                                                                      | bd_0_i/hls_inst/U0/grp_depolarize_hls_Pipeline_computeRow_fu_293/fadd_32ns_32ns_32_6_no_dsp_1_U17/depolarize_hls_fadd_32ns_32ns_32_6_no_dsp_1_ip_u/inst/i_synth/ADDSUB_OP.ADDSUB/LOGIC_SPEED.OP/OP/RESULT_REG.NORMAL.exp_op[7]_i_1_n_3                                                          |                2 |              5 |         2.50 |
|  ap_clk      | bd_0_i/hls_inst/U0/gmem_m_axi_U/bus_write/wreq_throttl/aggressive_gen.data_fifo/fifo_srl_gen.U_ffo_srl/WVALID_Dummy_reg[0]                                                  | bd_0_i/hls_inst/U0/gmem_m_axi_U/bus_write/wreq_burst_conv/rs_req/SR[0]                                                                                                                                                                                                                          |                2 |              5 |         2.50 |
|  ap_clk      | bd_0_i/hls_inst/U0/gmem_m_axi_U/bus_write/wreq_burst_conv/sel                                                                                                               |                                                                                                                                                                                                                                                                                                 |                2 |              5 |         2.50 |
|  ap_clk      | bd_0_i/hls_inst/U0/gmem_m_axi_U/load_unit/fifo_rreq/empty_n_0                                                                                                               | bd_0_i/hls_inst/U0/gmem_m_axi_U/bus_write/wreq_burst_conv/rs_req/SR[0]                                                                                                                                                                                                                          |                3 |              6 |         2.00 |
|  ap_clk      | bd_0_i/hls_inst/U0/control_s_axi_U/waddr                                                                                                                                    |                                                                                                                                                                                                                                                                                                 |                2 |              6 |         3.00 |
|  ap_clk      | bd_0_i/hls_inst/U0/gmem_m_axi_U/store_unit/fifo_wreq/empty_n_0                                                                                                              | bd_0_i/hls_inst/U0/gmem_m_axi_U/bus_write/wreq_burst_conv/rs_req/SR[0]                                                                                                                                                                                                                          |                3 |              6 |         2.00 |
|  ap_clk      | bd_0_i/hls_inst/U0/gmem_m_axi_U/store_unit/user_resp/empty_n                                                                                                                | bd_0_i/hls_inst/U0/gmem_m_axi_U/bus_write/wreq_burst_conv/rs_req/SR[0]                                                                                                                                                                                                                          |                2 |              6 |         3.00 |
|  ap_clk      | bd_0_i/hls_inst/U0/gmem_m_axi_U/bus_write/wreq_throttl/aggressive_gen.req_fifo/empty_n                                                                                      | bd_0_i/hls_inst/U0/gmem_m_axi_U/bus_write/wreq_burst_conv/rs_req/SR[0]                                                                                                                                                                                                                          |                2 |              7 |         3.50 |
|  ap_clk      | bd_0_i/hls_inst/U0/gmem_m_axi_U/bus_write/fifo_resp/empty_n                                                                                                                 | bd_0_i/hls_inst/U0/gmem_m_axi_U/bus_write/wreq_burst_conv/rs_req/SR[0]                                                                                                                                                                                                                          |                2 |              7 |         3.50 |
|  ap_clk      | bd_0_i/hls_inst/U0/gmem_m_axi_U/bus_write/wreq_throttl/aggressive_gen.data_fifo/empty_n                                                                                     | bd_0_i/hls_inst/U0/gmem_m_axi_U/bus_write/wreq_burst_conv/rs_req/SR[0]                                                                                                                                                                                                                          |                2 |              7 |         3.50 |
|  ap_clk      | bd_0_i/hls_inst/U0/gmem_m_axi_U/bus_read/fifo_burst/empty_n                                                                                                                 | bd_0_i/hls_inst/U0/gmem_m_axi_U/bus_write/wreq_burst_conv/rs_req/SR[0]                                                                                                                                                                                                                          |                3 |              7 |         2.33 |
|  ap_clk      | bd_0_i/hls_inst/U0/gmem_m_axi_U/bus_write/fifo_burst/E[0]                                                                                                                   | bd_0_i/hls_inst/U0/gmem_m_axi_U/bus_write/wreq_burst_conv/rs_req/SR[0]                                                                                                                                                                                                                          |                2 |              7 |         3.50 |
|  ap_clk      | bd_0_i/hls_inst/U0/grp_depolarize_hls_Pipeline_computeRow_fu_293/fadd_32ns_32ns_32_6_no_dsp_1_U17/ce_r                                                                      | bd_0_i/hls_inst/U0/grp_depolarize_hls_Pipeline_computeRow_fu_293/fadd_32ns_32ns_32_6_no_dsp_1_U17/depolarize_hls_fadd_32ns_32ns_32_6_no_dsp_1_ip_u/inst/i_synth/ADDSUB_OP.ADDSUB/LOGIC_SPEED.OP/EXP/ce_r_reg                                                                                    |                2 |              7 |         3.50 |
|  ap_clk      | bd_0_i/hls_inst/U0/gmem_m_axi_U/bus_read/fifo_rctl/empty_n_0                                                                                                                | bd_0_i/hls_inst/U0/gmem_m_axi_U/bus_write/wreq_burst_conv/rs_req/SR[0]                                                                                                                                                                                                                          |                2 |              7 |         3.50 |
|  ap_clk      | bd_0_i/hls_inst/U0/gmem_m_axi_U/bus_write/fifo_burst/fifo_srl_gen.U_ffo_srl/E[0]                                                                                            | bd_0_i/hls_inst/U0/gmem_m_axi_U/bus_write/wreq_burst_conv/rs_req/SR[0]                                                                                                                                                                                                                          |                2 |              7 |         3.50 |
|  ap_clk      | bd_0_i/hls_inst/U0/gmem_m_axi_U/store_unit/fifo_wrsp/fifo_srl_gen.U_ffo_srl/E[0]                                                                                            | bd_0_i/hls_inst/U0/gmem_m_axi_U/bus_write/wreq_burst_conv/rs_req/SR[0]                                                                                                                                                                                                                          |                2 |              7 |         3.50 |
|  ap_clk      | bd_0_i/hls_inst/U0/gmem_m_axi_U/bus_read/rreq_burst_conv/could_multi_bursts.last_loop                                                                                       | bd_0_i/hls_inst/U0/gmem_m_axi_U/bus_write/wreq_burst_conv/rs_req/SR[0]                                                                                                                                                                                                                          |                2 |              8 |         4.00 |
|  ap_clk      | bd_0_i/hls_inst/U0/gmem_m_axi_U/load_unit/buff_rdata/fifo_mem_gen.U_ffo_mem/fifo_depth_gt1_gen.full_n_reg                                                                   | bd_0_i/hls_inst/U0/gmem_m_axi_U/bus_write/wreq_burst_conv/rs_req/SR[0]                                                                                                                                                                                                                          |                3 |              8 |         2.67 |
|  ap_clk      | bd_0_i/hls_inst/U0/gmem_m_axi_U/bus_write/wreq_throttl/aggressive_gen.data_fifo/E[0]                                                                                        | bd_0_i/hls_inst/U0/gmem_m_axi_U/bus_write/fifo_burst/fifo_srl_gen.U_ffo_srl/ap_rst_n_0[0]                                                                                                                                                                                                       |                3 |              8 |         2.67 |
|  ap_clk      | bd_0_i/hls_inst/U0/gmem_m_axi_U/bus_write/wreq_burst_conv/could_multi_bursts.last_loop                                                                                      | bd_0_i/hls_inst/U0/gmem_m_axi_U/bus_write/wreq_burst_conv/rs_req/SR[0]                                                                                                                                                                                                                          |                2 |              8 |         4.00 |
|  ap_clk      |                                                                                                                                                                             | bd_0_i/hls_inst/U0/fadd_32ns_32ns_32_7_full_dsp_1_U30/depolarize_hls_fadd_32ns_32ns_32_7_full_dsp_1_ip_u/inst/i_synth/ADDSUB_OP.ADDSUB/DSP.OP/DSP48E1_BODY.EXP/STATE_DELAY/i_pipe/op_state[0]                                                                                                   |                3 |              8 |         2.67 |
|  ap_clk      | bd_0_i/hls_inst/U0/gmem_m_axi_U/bus_read/rreq_burst_conv/rs_req/p_16_in                                                                                                     | bd_0_i/hls_inst/U0/gmem_m_axi_U/bus_read/rreq_burst_conv/sect_addr_buf[11]_i_1_n_3                                                                                                                                                                                                              |                2 |             10 |         5.00 |
|  ap_clk      | bd_0_i/hls_inst/U0/gmem_m_axi_U/bus_write/wreq_burst_conv/rs_req/p_16_in                                                                                                    | bd_0_i/hls_inst/U0/gmem_m_axi_U/bus_write/wreq_burst_conv/sect_addr_buf[11]_i_1__0_n_3                                                                                                                                                                                                          |                2 |             10 |         5.00 |
|  ap_clk      | bd_0_i/hls_inst/U0/gmem_m_axi_U/load_unit/buff_rdata/empty_n                                                                                                                | bd_0_i/hls_inst/U0/gmem_m_axi_U/bus_write/wreq_burst_conv/rs_req/SR[0]                                                                                                                                                                                                                          |                4 |             11 |         2.75 |
|  ap_clk      | bd_0_i/hls_inst/U0/fmul_32ns_32ns_32_4_max_dsp_1_U31/ce_r                                                                                                                   | bd_0_i/hls_inst/U0/fmul_32ns_32ns_32_4_max_dsp_1_U31/depolarize_hls_fmul_32ns_32ns_32_4_max_dsp_1_ip_u/inst/i_synth/MULT.OP/i_non_prim.EXP/SIG_DELAY/i_pipe/ce_r_reg                                                                                                                            |                6 |             22 |         3.67 |
|  ap_clk      |                                                                                                                                                                             | bd_0_i/hls_inst/U0/fadd_32ns_32ns_32_7_full_dsp_1_U30/depolarize_hls_fadd_32ns_32ns_32_7_full_dsp_1_ip_u/inst/i_synth/ADDSUB_OP.ADDSUB/DSP.OP/DSP48E1_BODY.EXP/NOT_LOW_LATENCY_NORM_DIST.NORM_EXP_DELAY/i_pipe/op_state[0]                                                                      |                5 |             22 |         4.40 |
|  ap_clk      | bd_0_i/hls_inst/U0/grp_depolarize_hls_Pipeline_computeRow_fu_293/fadd_32ns_32ns_32_6_no_dsp_1_U17/ce_r                                                                      | bd_0_i/hls_inst/U0/grp_depolarize_hls_Pipeline_computeRow_fu_293/fadd_32ns_32ns_32_6_no_dsp_1_U17/depolarize_hls_fadd_32ns_32ns_32_6_no_dsp_1_ip_u/inst/i_synth/ADDSUB_OP.ADDSUB/LOGIC_SPEED.OP/EXP/STATE_DELAY/i_pipe/opt_has_pipe.i_pipe[3].pipe_reg[3][0]_0                                  |                7 |             22 |         3.14 |
|  ap_clk      | bd_0_i/hls_inst/U0/bwsup_stream_fifo_U/if_read                                                                                                                              | bd_0_i/hls_inst/U0/gmem_m_axi_U/load_unit/fifo_rreq/ap_NS_fsm[5]                                                                                                                                                                                                                                |                8 |             31 |         3.88 |
|  ap_clk      | bd_0_i/hls_inst/U0/grp_depolarize_hls_Pipeline_read_Xi_fu_275/flow_control_loop_pipe_sequential_init_U/E[0]                                                                 | bd_0_i/hls_inst/U0/grp_depolarize_hls_Pipeline_read_Xi_fu_275/flow_control_loop_pipe_sequential_init_U/SR[0]                                                                                                                                                                                    |                9 |             31 |         3.44 |
|  ap_clk      | bd_0_i/hls_inst/U0/grp_depolarize_hls_Pipeline_store_bwsup_fu_303/flow_control_loop_pipe_sequential_init_U/E[0]                                                             | bd_0_i/hls_inst/U0/grp_depolarize_hls_Pipeline_store_bwsup_fu_303/flow_control_loop_pipe_sequential_init_U/SR[0]                                                                                                                                                                                |                9 |             31 |         3.44 |
|  ap_clk      | bd_0_i/hls_inst/U0/ap_CS_fsm_state41                                                                                                                                        |                                                                                                                                                                                                                                                                                                 |                8 |             31 |         3.88 |
|  ap_clk      | bd_0_i/hls_inst/U0/grp_depolarize_hls_Pipeline_read_Bj_fu_284/flow_control_loop_pipe_sequential_init_U/E[0]                                                                 | bd_0_i/hls_inst/U0/grp_depolarize_hls_Pipeline_read_Bj_fu_284/flow_control_loop_pipe_sequential_init_U/SR[0]                                                                                                                                                                                    |                9 |             31 |         3.44 |
|  ap_clk      | bd_0_i/hls_inst/U0/ap_CS_fsm_state22                                                                                                                                        | bd_0_i/hls_inst/U0/empty_35_reg_680                                                                                                                                                                                                                                                             |                9 |             31 |         3.44 |
|  ap_clk      | bd_0_i/hls_inst/U0/grp_depolarize_hls_Pipeline_computeRow_fu_293/flow_control_loop_pipe_sequential_init_U/E[0]                                                              | bd_0_i/hls_inst/U0/grp_depolarize_hls_Pipeline_computeRow_fu_293/flow_control_loop_pipe_sequential_init_U/SR[0]                                                                                                                                                                                 |                9 |             31 |         3.44 |
|  ap_clk      | bd_0_i/hls_inst/U0/grp_depolarize_hls_Pipeline_read_bwsup_fu_257/flow_control_loop_pipe_sequential_init_U/E[0]                                                              | bd_0_i/hls_inst/U0/grp_depolarize_hls_Pipeline_read_bwsup_fu_257/flow_control_loop_pipe_sequential_init_U/SR[0]                                                                                                                                                                                 |                9 |             31 |         3.44 |
|  ap_clk      | bd_0_i/hls_inst/U0/control_s_axi_U/int_d_Bj15_out                                                                                                                           |                                                                                                                                                                                                                                                                                                 |                5 |             32 |         6.40 |
|  ap_clk      | bd_0_i/hls_inst/U0/control_s_axi_U/int_d_Bj                                                                                                                                 |                                                                                                                                                                                                                                                                                                 |                7 |             32 |         4.57 |
|  ap_clk      | bd_0_i/hls_inst/U0/control_s_axi_U/int_d_Wij                                                                                                                                |                                                                                                                                                                                                                                                                                                 |                6 |             32 |         5.33 |
|  ap_clk      | bd_0_i/hls_inst/U0/control_s_axi_U/int_d_Wij7_out                                                                                                                           |                                                                                                                                                                                                                                                                                                 |                8 |             32 |         4.00 |
|  ap_clk      | bd_0_i/hls_inst/U0/control_s_axi_U/int_d_Xi11_out                                                                                                                           |                                                                                                                                                                                                                                                                                                 |                8 |             32 |         4.00 |
|  ap_clk      | bd_0_i/hls_inst/U0/control_s_axi_U/int_d_bwsup3_out                                                                                                                         |                                                                                                                                                                                                                                                                                                 |                9 |             32 |         3.56 |
|  ap_clk      | bd_0_i/hls_inst/U0/control_s_axi_U/int_d_bwsup                                                                                                                              |                                                                                                                                                                                                                                                                                                 |                7 |             32 |         4.57 |
|  ap_clk      | bd_0_i/hls_inst/U0/control_s_axi_U/rdata_data[31]_i_2_n_3                                                                                                                   | bd_0_i/hls_inst/U0/control_s_axi_U/rdata_data[31]_i_1_n_3                                                                                                                                                                                                                                       |               17 |             32 |         1.88 |
|  ap_clk      | bd_0_i/hls_inst/U0/control_s_axi_U/int_d_Xi                                                                                                                                 |                                                                                                                                                                                                                                                                                                 |                5 |             32 |         6.40 |
|  ap_clk      | bd_0_i/hls_inst/U0/reg_3490                                                                                                                                                 |                                                                                                                                                                                                                                                                                                 |                8 |             32 |         4.00 |
|  ap_clk      | bd_0_i/hls_inst/U0/ap_CS_fsm_state62                                                                                                                                        |                                                                                                                                                                                                                                                                                                 |                6 |             32 |         5.33 |
|  ap_clk      | bd_0_i/hls_inst/U0/ap_CS_fsm_state51                                                                                                                                        |                                                                                                                                                                                                                                                                                                 |                9 |             32 |         3.56 |
|  ap_clk      | bd_0_i/hls_inst/U0/ap_CS_fsm_state44                                                                                                                                        |                                                                                                                                                                                                                                                                                                 |                9 |             32 |         3.56 |
|  ap_clk      | bd_0_i/hls_inst/U0/grp_depolarize_hls_Pipeline_computeRow_fu_293/flow_control_loop_pipe_sequential_init_U/grp_depolarize_hls_Pipeline_computeRow_fu_293_ap_start_reg_reg[0] |                                                                                                                                                                                                                                                                                                 |               10 |             32 |         3.20 |
|  ap_clk      | bd_0_i/hls_inst/U0/grp_depolarize_hls_Pipeline_computeRow_fu_293/mul8_i_reg_2050                                                                                            |                                                                                                                                                                                                                                                                                                 |                8 |             32 |         4.00 |
|  ap_clk      | bd_0_i/hls_inst/U0/grp_depolarize_hls_Pipeline_computeRow_fu_293/mul7_i_reg_1950                                                                                            |                                                                                                                                                                                                                                                                                                 |                6 |             32 |         5.33 |
|  ap_clk      | bd_0_i/hls_inst/U0/ap_CS_fsm_state11                                                                                                                                        | bd_0_i/hls_inst/U0/select_ln485_reg_649                                                                                                                                                                                                                                                         |               10 |             32 |         3.20 |
|  ap_clk      | bd_0_i/hls_inst/U0/gmem_m_axi_U/bus_read/rs_rdata/load_p2                                                                                                                   |                                                                                                                                                                                                                                                                                                 |                6 |             33 |         5.50 |
|  ap_clk      | bd_0_i/hls_inst/U0/grp_depolarize_hls_Pipeline_read_Wij_first_read_Wij_second_fu_266/ap_block_pp0_stage0_subdone                                                            |                                                                                                                                                                                                                                                                                                 |                6 |             33 |         5.50 |
|  ap_clk      | bd_0_i/hls_inst/U0/grp_depolarize_hls_Pipeline_read_Bj_fu_284/ap_block_pp0_stage0_subdone                                                                                   |                                                                                                                                                                                                                                                                                                 |                7 |             33 |         4.71 |
|  ap_clk      | bd_0_i/hls_inst/U0/grp_depolarize_hls_Pipeline_read_Xi_fu_275/ap_block_pp0_stage0_subdone                                                                                   |                                                                                                                                                                                                                                                                                                 |               11 |             33 |         3.00 |
|  ap_clk      | bd_0_i/hls_inst/U0/grp_depolarize_hls_Pipeline_store_bwsup_fu_303/ap_block_pp0_stage0_subdone                                                                               |                                                                                                                                                                                                                                                                                                 |               11 |             33 |         3.00 |
|  ap_clk      | bd_0_i/hls_inst/U0/grp_depolarize_hls_Pipeline_read_bwsup_fu_257/ap_block_pp0_stage0_subdone                                                                                |                                                                                                                                                                                                                                                                                                 |                8 |             33 |         4.12 |
|  ap_clk      | bd_0_i/hls_inst/U0/gmem_m_axi_U/bus_read/rs_rdata/load_p1                                                                                                                   |                                                                                                                                                                                                                                                                                                 |                9 |             33 |         3.67 |
|  ap_clk      | bd_0_i/hls_inst/U0/gmem_m_axi_U/bus_write/wreq_throttl/aggressive_gen.data_fifo/fifo_srl_gen.U_ffo_srl/we_0                                                                 |                                                                                                                                                                                                                                                                                                 |                5 |             37 |         7.40 |
|  ap_clk      | bd_0_i/hls_inst/U0/gmem_m_axi_U/bus_write/wreq_throttl/aggressive_gen.data_fifo/fifo_srl_gen.U_ffo_srl/re                                                                   | bd_0_i/hls_inst/U0/gmem_m_axi_U/bus_write/wreq_burst_conv/rs_req/SR[0]                                                                                                                                                                                                                          |                5 |             37 |         7.40 |
|  ap_clk      | bd_0_i/hls_inst/U0/gmem_m_axi_U/bus_write/wreq_burst_conv/rs_req/E[0]                                                                                                       | bd_0_i/hls_inst/U0/gmem_m_axi_U/bus_write/wreq_burst_conv/rs_req/SR[0]                                                                                                                                                                                                                          |                9 |             53 |         5.89 |
|  ap_clk      | bd_0_i/hls_inst/U0/gmem_m_axi_U/bus_read/rreq_burst_conv/rs_req/E[0]                                                                                                        | bd_0_i/hls_inst/U0/gmem_m_axi_U/bus_write/wreq_burst_conv/rs_req/SR[0]                                                                                                                                                                                                                          |                9 |             53 |         5.89 |
|  ap_clk      | bd_0_i/hls_inst/U0/fmul_32ns_32ns_32_4_max_dsp_1_U31/ce_r                                                                                                                   |                                                                                                                                                                                                                                                                                                 |               14 |             57 |         4.07 |
|  ap_clk      | bd_0_i/hls_inst/U0/ap_CS_fsm_state22                                                                                                                                        |                                                                                                                                                                                                                                                                                                 |               22 |             62 |         2.82 |
|  ap_clk      | bd_0_i/hls_inst/U0/reg_3430                                                                                                                                                 |                                                                                                                                                                                                                                                                                                 |               17 |             62 |         3.65 |
|  ap_clk      | bd_0_i/hls_inst/U0/grp_depolarize_hls_Pipeline_read_Wij_first_read_Wij_second_fu_266/indvar_flatten_fu_54                                                                   | bd_0_i/hls_inst/U0/grp_depolarize_hls_Pipeline_read_Wij_first_read_Wij_second_fu_266/flow_control_loop_pipe_sequential_init_U/grp_depolarize_hls_Pipeline_read_Wij_first_read_Wij_second_fu_266_ap_start_reg_reg                                                                                |               16 |             63 |         3.94 |
|  ap_clk      | bd_0_i/hls_inst/U0/ap_CS_fsm_state20                                                                                                                                        |                                                                                                                                                                                                                                                                                                 |               16 |             63 |         3.94 |
|  ap_clk      | bd_0_i/hls_inst/U0/ap_CS_fsm_state10                                                                                                                                        |                                                                                                                                                                                                                                                                                                 |               15 |             63 |         4.20 |
|  ap_clk      | bd_0_i/hls_inst/U0/grp_depolarize_hls_Pipeline_computeRow_fu_293/fadd_32ns_32ns_32_6_no_dsp_1_U17/grp_fu_316_p_ce                                                           |                                                                                                                                                                                                                                                                                                 |               19 |             64 |         3.37 |
|  ap_clk      | bd_0_i/hls_inst/U0/grp_depolarize_hls_Pipeline_computeRow_fu_293/fadd_32ns_32ns_32_6_no_dsp_1_U17/ap_NS_fsm[0]                                                              |                                                                                                                                                                                                                                                                                                 |               27 |             64 |         2.37 |
|  ap_clk      | bd_0_i/hls_inst/U0/grp_depolarize_hls_Pipeline_computeRow_fu_293/ce                                                                                                         |                                                                                                                                                                                                                                                                                                 |               23 |             64 |         2.78 |
|  ap_clk      | bd_0_i/hls_inst/U0/grp_depolarize_hls_Pipeline_read_bwsup_fu_257/we                                                                                                         |                                                                                                                                                                                                                                                                                                 |               11 |             64 |         5.82 |
|  ap_clk      | bd_0_i/hls_inst/U0/grp_depolarize_hls_Pipeline_read_Xi_fu_275/we                                                                                                            |                                                                                                                                                                                                                                                                                                 |               18 |             64 |         3.56 |
|  ap_clk      | bd_0_i/hls_inst/U0/grp_depolarize_hls_Pipeline_read_Bj_fu_284/we                                                                                                            |                                                                                                                                                                                                                                                                                                 |                9 |             64 |         7.11 |
|  ap_clk      | bd_0_i/hls_inst/U0/grp_depolarize_hls_Pipeline_read_Wij_first_read_Wij_second_fu_266/we                                                                                     |                                                                                                                                                                                                                                                                                                 |               13 |             64 |         4.92 |
|  ap_clk      | bd_0_i/hls_inst/U0/bwsup_stream_out_fifo_U/U_depolarize_hls_fifo_w32_d2_S_ShiftReg/E[0]                                                                                     |                                                                                                                                                                                                                                                                                                 |               13 |             64 |         4.92 |
|  ap_clk      | bd_0_i/hls_inst/U0/gmem_m_axi_U/bus_write/wreq_throttl/aggressive_gen.data_fifo/fifo_srl_gen.U_ffo_srl/dout_vld_reg[0]                                                      |                                                                                                                                                                                                                                                                                                 |               13 |             66 |         5.08 |
|  ap_clk      | bd_0_i/hls_inst/U0/gmem_m_axi_U/bus_write/wreq_throttl/aggressive_gen.rs_req/load_p1                                                                                        |                                                                                                                                                                                                                                                                                                 |               19 |             66 |         3.47 |
|  ap_clk      | bd_0_i/hls_inst/U0/gmem_m_axi_U/bus_write/wreq_throttl/aggressive_gen.req_fifo/fifo_srl_gen.U_ffo_srl/we                                                                    |                                                                                                                                                                                                                                                                                                 |                9 |             66 |         7.33 |
|  ap_clk      | bd_0_i/hls_inst/U0/gmem_m_axi_U/bus_write/wreq_throttl/aggressive_gen.req_fifo/fifo_srl_gen.U_ffo_srl/re                                                                    | bd_0_i/hls_inst/U0/gmem_m_axi_U/bus_write/wreq_burst_conv/rs_req/SR[0]                                                                                                                                                                                                                          |                9 |             66 |         7.33 |
|  ap_clk      | bd_0_i/hls_inst/U0/gmem_m_axi_U/bus_write/wreq_burst_conv/rs_req/could_multi_bursts.sect_handling_reg[0]                                                                    | bd_0_i/hls_inst/U0/gmem_m_axi_U/bus_write/wreq_burst_conv/rs_req/SR[0]                                                                                                                                                                                                                          |               18 |             71 |         3.94 |
|  ap_clk      | bd_0_i/hls_inst/U0/gmem_m_axi_U/bus_read/rreq_burst_conv/ost_ctrl_valid                                                                                                     | bd_0_i/hls_inst/U0/gmem_m_axi_U/bus_write/wreq_burst_conv/rs_req/SR[0]                                                                                                                                                                                                                          |               18 |             71 |         3.94 |
|  ap_clk      | bd_0_i/hls_inst/U0/gmem_m_axi_U/bus_read/rreq_burst_conv/rs_req/p_16_in                                                                                                     | bd_0_i/hls_inst/U0/gmem_m_axi_U/bus_write/wreq_burst_conv/rs_req/SR[0]                                                                                                                                                                                                                          |               18 |             77 |         4.28 |
|  ap_clk      | bd_0_i/hls_inst/U0/gmem_m_axi_U/bus_write/wreq_burst_conv/rs_req/p_16_in                                                                                                    | bd_0_i/hls_inst/U0/gmem_m_axi_U/bus_write/wreq_burst_conv/rs_req/SR[0]                                                                                                                                                                                                                          |               16 |             77 |         4.81 |
|  ap_clk      | bd_0_i/hls_inst/U0/gmem_m_axi_U/load_unit/fifo_rreq/E[0]                                                                                                                    | bd_0_i/hls_inst/U0/gmem_m_axi_U/bus_write/wreq_burst_conv/rs_req/SR[0]                                                                                                                                                                                                                          |               23 |             92 |         4.00 |
|  ap_clk      | bd_0_i/hls_inst/U0/gmem_m_axi_U/bus_read/rreq_burst_conv/rs_req/load_p1                                                                                                     |                                                                                                                                                                                                                                                                                                 |               28 |             92 |         3.29 |
|  ap_clk      | bd_0_i/hls_inst/U0/gmem_m_axi_U/store_unit/fifo_wrsp/E[0]                                                                                                                   | bd_0_i/hls_inst/U0/gmem_m_axi_U/bus_write/wreq_burst_conv/rs_req/SR[0]                                                                                                                                                                                                                          |               20 |             92 |         4.60 |
|  ap_clk      | bd_0_i/hls_inst/U0/gmem_m_axi_U/store_unit/tmp_valid_reg_0[0]                                                                                                               |                                                                                                                                                                                                                                                                                                 |               23 |             92 |         4.00 |
|  ap_clk      | bd_0_i/hls_inst/U0/gmem_m_axi_U/load_unit/E[0]                                                                                                                              |                                                                                                                                                                                                                                                                                                 |               22 |             92 |         4.18 |
|  ap_clk      | bd_0_i/hls_inst/U0/gmem_m_axi_U/bus_write/wreq_burst_conv/rs_req/load_p1                                                                                                    |                                                                                                                                                                                                                                                                                                 |               29 |             92 |         3.17 |
|  ap_clk      | bd_0_i/hls_inst/U0/ap_CS_fsm_state2                                                                                                                                         |                                                                                                                                                                                                                                                                                                 |               24 |             93 |         3.88 |
|  ap_clk      | bd_0_i/hls_inst/U0/gmem_m_axi_U/store_unit/fifo_wreq/fifo_srl_gen.U_ffo_srl/we_1                                                                                            |                                                                                                                                                                                                                                                                                                 |               12 |             94 |         7.83 |
|  ap_clk      | bd_0_i/hls_inst/U0/gmem_m_axi_U/load_unit/fifo_rreq/fifo_srl_gen.U_ffo_srl/we                                                                                               |                                                                                                                                                                                                                                                                                                 |               12 |             94 |         7.83 |
|  ap_clk      | bd_0_i/hls_inst/U0/gmem_m_axi_U/load_unit/fifo_rreq/fifo_srl_gen.U_ffo_srl/re                                                                                               | bd_0_i/hls_inst/U0/gmem_m_axi_U/bus_write/wreq_burst_conv/rs_req/SR[0]                                                                                                                                                                                                                          |               12 |             94 |         7.83 |
|  ap_clk      | bd_0_i/hls_inst/U0/gmem_m_axi_U/store_unit/fifo_wreq/fifo_srl_gen.U_ffo_srl/re                                                                                              | bd_0_i/hls_inst/U0/gmem_m_axi_U/bus_write/wreq_burst_conv/rs_req/SR[0]                                                                                                                                                                                                                          |               12 |             94 |         7.83 |
|  ap_clk      | bd_0_i/hls_inst/U0/gmem_m_axi_U/bus_write/wreq_burst_conv/rs_req/next_req                                                                                                   | bd_0_i/hls_inst/U0/gmem_m_axi_U/bus_write/wreq_burst_conv/rs_req/SR[0]                                                                                                                                                                                                                          |               32 |            112 |         3.50 |
|  ap_clk      | bd_0_i/hls_inst/U0/gmem_m_axi_U/bus_read/rreq_burst_conv/rs_req/next_req                                                                                                    | bd_0_i/hls_inst/U0/gmem_m_axi_U/bus_write/wreq_burst_conv/rs_req/SR[0]                                                                                                                                                                                                                          |               31 |            112 |         3.61 |
|  ap_clk      | bd_0_i/hls_inst/U0/grp_depolarize_hls_Pipeline_computeRow_fu_293/fadd_32ns_32ns_32_6_no_dsp_1_U17/ce_r                                                                      |                                                                                                                                                                                                                                                                                                 |               53 |            155 |         2.92 |
|  ap_clk      |                                                                                                                                                                             | bd_0_i/hls_inst/U0/gmem_m_axi_U/bus_write/wreq_burst_conv/rs_req/SR[0]                                                                                                                                                                                                                          |               66 |            187 |         2.83 |
|  ap_clk      | bd_0_i/hls_inst/U0/ap_CS_fsm_state1                                                                                                                                         |                                                                                                                                                                                                                                                                                                 |               49 |            249 |         5.08 |
|  ap_clk      |                                                                                                                                                                             |                                                                                                                                                                                                                                                                                                 |               96 |            375 |         3.91 |
+--------------+-----------------------------------------------------------------------------------------------------------------------------------------------------------------------------+-------------------------------------------------------------------------------------------------------------------------------------------------------------------------------------------------------------------------------------------------------------------------------------------------+------------------+----------------+--------------+


